******************************************************************************
                  TI ARM Linker PC v15.12.1                    
******************************************************************************
>> Linked Fri Jul 08 22:48:42 2016

OUTPUT FILE NAME:   <Project.out>
ENTRY POINT SYMBOL: "_c_int00"  address: 000009c5


MEMORY CONFIGURATION

         name            origin    length      used     unused   attr    fill
----------------------  --------  ---------  --------  --------  ----  --------
  FLASH                 00000000   00040000  00000c50  0003f3b0  R  X
  SRAM                  20000000   00008000  00000720  000078e0  RW X


SEGMENT ALLOCATION MAP

run origin  load origin   length   init length attrs members
----------  ----------- ---------- ----------- ----- -------
00000000    00000000    00000c54   00000c54    r-x
  00000000    00000000    0000026c   0000026c    r-- .intvecs
  0000026c    0000026c    0000093c   0000093c    r-x .text
  00000ba8    00000ba8    0000006c   0000006c    r-- .const
  00000c18    00000c18    0000003c   0000003c    r-- .cinit
20000000    20000000    00000720   00000000    rw-
  20000000    20000000    00000600   00000000    rw- .bss
  20000600    20000600    00000100   00000000    rw- .stack
  20000700    20000700    00000020   00000000    rw- .data


SECTION ALLOCATION MAP

 output                                  attributes/
section   page    origin      length       input sections
--------  ----  ----------  ----------   ----------------
.intvecs   0    00000000    0000026c     
                  00000000    0000026c     startup_ccs.obj (.intvecs)

.text      0    0000026c    0000093c     
                  0000026c    000001f8     pinout.obj (.text:PinoutSet)
                  00000464    0000011c     mySPI.obj (.text:SPI0_uDMAInit)
                  00000580    00000110     driverlib.lib : sysctl.obj (.text:SysCtlClockGet)
                  00000690    000000c4     mySPI.obj (.text:SPI0uDMAIntHandler)
                  00000754    0000009c     rtsv7M4_T_le_v4SPD16_eabi.lib : memcpy_t2.obj (.text)
                  000007f0    0000007c     System.obj (.text:SystemInit)
                  0000086c    0000007a     rtsv7M4_T_le_v4SPD16_eabi.lib : memset_t2.obj (.text)
                  000008e6    00000002     startup_ccs.obj (.text:FaultISR)
                  000008e8    00000070     rtsv7M4_T_le_v4SPD16_eabi.lib : autoinit.obj (.text)
                  00000958    0000006a                                   : copy_decompress_rle.obj (.text)
                  000009c2    00000002     startup_ccs.obj (.text:IntDefaultHandler)
                  000009c4    00000054     rtsv7M4_T_le_v4SPD16_eabi.lib : boot.obj (.text)
                  00000a18    00000054                                   : exit.obj (.text)
                  00000a6c    0000004c                                   : cpy_tbl.obj (.text)
                  00000ab8    00000038     main.obj (.text:main)
                  00000af0    0000002c     System.obj (.text:uDMAErrorHandler)
                  00000b1c    00000022     System.obj (.text:delay_ms)
                  00000b3e    00000002     startup_ccs.obj (.text:NmiSR)
                  00000b40    00000018     rtsv7M4_T_le_v4SPD16_eabi.lib : args_main.obj (.text)
                  00000b58    00000014                                   : _lock.obj (.text)
                  00000b6c    00000014     driverlib.lib : udma.obj (.text:uDMAChannelRequest)
                  00000b80    0000000e     rtsv7M4_T_le_v4SPD16_eabi.lib : copy_decompress_none.obj (.text:decompress:none)
                  00000b8e    00000006     startup_ccs.obj (.text:ResetISR)
                  00000b94    00000006     driverlib.lib : sysctl.obj (.text:SysCtlDelay)
                  00000b9a    00000006     rtsv7M4_T_le_v4SPD16_eabi.lib : copy_decompress_rle.obj (.text:decompress:rle24)
                  00000ba0    00000004                                   : pre_init.obj (.text)
                  00000ba4    00000002                                   : mpu_init.obj (.text)
                  00000ba6    00000002                                   : startup.obj (.text)

.const     0    00000ba8    0000006c     
                  00000ba8    0000006c     driverlib.lib : sysctl.obj (.const:g_pui32Xtals)

.cinit     0    00000c18    0000003c     
                  00000c18    00000016     (.cinit..data.load) [load image, compression = rle]
                  00000c2e    00000002     --HOLE-- [fill = 0]
                  00000c30    0000000b     (.cinit..bss.load) [load image, compression = rle]
                  00000c3b    00000001     --HOLE-- [fill = 0]
                  00000c3c    00000008     (__TI_handler_table)
                  00000c44    00000010     (__TI_cinit_table)

.init_array 
*          0    00000000    00000000     UNINITIALIZED

.bss       0    20000000    00000600     UNINITIALIZED
                  20000000    00000400     (.common:pui8ControlTable)
                  20000400    00000100     (.common:g_ADConvBuf)
                  20000500    00000100     (.common:g_SPITxBuf)

.stack     0    20000600    00000100     UNINITIALIZED
                  20000600    00000100     --HOLE--

.data      0    20000700    00000020     UNINITIALIZED
                  20000700    0000000c     rtsv7M4_T_le_v4SPD16_eabi.lib : exit.obj (.data:$O1$$)
                  2000070c    00000008                                   : _lock.obj (.data:$O1$$)
                  20000714    00000004     System.obj (.data)
                  20000718    00000004     mySPI.obj (.data)
                  2000071c    00000004     rtsv7M4_T_le_v4SPD16_eabi.lib : stkdepth_vars.obj (.data)

MODULE SUMMARY

       Module                     code   ro data   rw data
       ------                     ----   -------   -------
    .\
       startup_ccs.obj            12     620       0      
       main.obj                   56     0         512    
    +--+--------------------------+------+---------+---------+
       Total:                     68     620       512    
                                                          
    .\HARDWARE\
       System.obj                 202    0         1028   
       pinout.obj                 504    0         0      
       mySPI.obj                  480    0         4      
    +--+--------------------------+------+---------+---------+
       Total:                     1186   0         1032   
                                                          
    C:\ti\ccsv6\tools\compiler\ti-cgt-arm_15.12.1.LTS\lib\rtsv7M4_T_le_v4SPD16_eabi.lib
       memcpy_t2.obj              156    0         0      
       memset_t2.obj              122    0         0      
       autoinit.obj               112    0         0      
       copy_decompress_rle.obj    112    0         0      
       exit.obj                   84     0         12     
       boot.obj                   84     0         0      
       cpy_tbl.obj                76     0         0      
       _lock.obj                  20     0         8      
       args_main.obj              24     0         0      
       copy_decompress_none.obj   14     0         0      
       pre_init.obj               4      0         0      
       stkdepth_vars.obj          0      0         4      
       mpu_init.obj               2      0         0      
       startup.obj                2      0         0      
    +--+--------------------------+------+---------+---------+
       Total:                     812    0         24     
                                                          
    c:/ti/TivaWare_C_Series-2.1.2.111/driverlib/ccs/Debug/driverlib.lib
       sysctl.obj                 278    108       0      
       udma.obj                   20     0         0      
    +--+--------------------------+------+---------+---------+
       Total:                     298    108       0      
                                                          
       Stack:                     0      0         256    
       Linker Generated:          0      57        0      
    +--+--------------------------+------+---------+---------+
       Grand Total:               2364   785       1824   


LINKER GENERATED COPY TABLES

__TI_cinit_table @ 00000c44 records: 2, size/record: 8, table size: 16
	.data: load addr=00000c18, load size=00000016 bytes, run addr=20000700, run size=00000020 bytes, compression=rle
	.bss: load addr=00000c30, load size=0000000b bytes, run addr=20000000, run size=00000600 bytes, compression=rle


LINKER GENERATED HANDLER TABLE

__TI_handler_table @ 00000c3c records: 2, size/record: 4, table size: 8
	index: 0, handler: __TI_decompress_rle24
	index: 1, handler: __TI_decompress_none


GLOBAL SYMBOLS: SORTED ALPHABETICALLY BY Name 

address   name                           
-------   ----                           
00000a19  C$$EXIT                        
0000026d  PinoutSet                      
00000b8f  ResetISR                       
UNDEFED   SHT$$INIT_ARRAY$$Base          
UNDEFED   SHT$$INIT_ARRAY$$Limit         
00000465  SPI0_uDMAInit                  
00000691  SPI0uDMAIntHandler             
00000581  SysCtlClockGet                 
00000b95  SysCtlDelay                    
000007f1  SystemInit                     
20000700  __STACK_END                    
00000100  __STACK_SIZE                   
20000700  __STACK_TOP                    
00000c44  __TI_CINIT_Base                
00000c54  __TI_CINIT_Limit               
00000c3c  __TI_Handler_Table_Base        
00000c44  __TI_Handler_Table_Limit       
000008e9  __TI_auto_init                 
20000700  __TI_cleanup_ptr               
00000b81  __TI_decompress_none           
00000b9b  __TI_decompress_rle24          
20000704  __TI_dtors_ptr                 
20000708  __TI_enable_exit_profile_output
ffffffff  __TI_pprof_out_hndl            
ffffffff  __TI_prof_data_size            
ffffffff  __TI_prof_data_start           
00000000  __TI_static_base__             
0000086d  __aeabi_memclr                 
0000086d  __aeabi_memclr4                
0000086d  __aeabi_memclr8                
00000755  __aeabi_memcpy                 
00000755  __aeabi_memcpy4                
00000755  __aeabi_memcpy8                
0000086f  __aeabi_memset                 
0000086f  __aeabi_memset4                
0000086f  __aeabi_memset8                
ffffffff  __binit__                      
ffffffff  __c_args__                     
00000ba5  __mpu_init                     
20000600  __stack                        
00000b41  _args_main                     
000009c5  _c_int00                       
2000070c  _lock                          
00000b67  _nop                           
00000b5f  _register_lock                 
00000b59  _register_unlock               
00000ba7  _system_post_cinit             
00000ba1  _system_pre_init               
20000710  _unlock                        
00000a1d  abort                          
ffffffff  binit                          
00000a6d  copy_in                        
00000b1d  delay_ms                       
00000a25  exit                           
20000400  g_ADConvBuf                    
20000500  g_SPITxBuf                     
00000000  g_pfnVectors                   
00000ab9  main                           
2000071c  main_func_sp                   
00000755  memcpy                         
00000875  memset                         
20000000  pui8ControlTable               
00000b6d  uDMAChannelRequest             
00000af1  uDMAErrorHandler               


GLOBAL SYMBOLS: SORTED BY Symbol Address 

address   name                           
-------   ----                           
00000000  __TI_static_base__             
00000000  g_pfnVectors                   
00000100  __STACK_SIZE                   
0000026d  PinoutSet                      
00000465  SPI0_uDMAInit                  
00000581  SysCtlClockGet                 
00000691  SPI0uDMAIntHandler             
00000755  __aeabi_memcpy                 
00000755  __aeabi_memcpy4                
00000755  __aeabi_memcpy8                
00000755  memcpy                         
000007f1  SystemInit                     
0000086d  __aeabi_memclr                 
0000086d  __aeabi_memclr4                
0000086d  __aeabi_memclr8                
0000086f  __aeabi_memset                 
0000086f  __aeabi_memset4                
0000086f  __aeabi_memset8                
00000875  memset                         
000008e9  __TI_auto_init                 
000009c5  _c_int00                       
00000a19  C$$EXIT                        
00000a1d  abort                          
00000a25  exit                           
00000a6d  copy_in                        
00000ab9  main                           
00000af1  uDMAErrorHandler               
00000b1d  delay_ms                       
00000b41  _args_main                     
00000b59  _register_unlock               
00000b5f  _register_lock                 
00000b67  _nop                           
00000b6d  uDMAChannelRequest             
00000b81  __TI_decompress_none           
00000b8f  ResetISR                       
00000b95  SysCtlDelay                    
00000b9b  __TI_decompress_rle24          
00000ba1  _system_pre_init               
00000ba5  __mpu_init                     
00000ba7  _system_post_cinit             
00000c3c  __TI_Handler_Table_Base        
00000c44  __TI_CINIT_Base                
00000c44  __TI_Handler_Table_Limit       
00000c54  __TI_CINIT_Limit               
20000000  pui8ControlTable               
20000400  g_ADConvBuf                    
20000500  g_SPITxBuf                     
20000600  __stack                        
20000700  __STACK_END                    
20000700  __STACK_TOP                    
20000700  __TI_cleanup_ptr               
20000704  __TI_dtors_ptr                 
20000708  __TI_enable_exit_profile_output
2000070c  _lock                          
20000710  _unlock                        
2000071c  main_func_sp                   
ffffffff  __TI_pprof_out_hndl            
ffffffff  __TI_prof_data_size            
ffffffff  __TI_prof_data_start           
ffffffff  __binit__                      
ffffffff  __c_args__                     
ffffffff  binit                          
UNDEFED   SHT$$INIT_ARRAY$$Base          
UNDEFED   SHT$$INIT_ARRAY$$Limit         

[64 symbols]
